---
source: crates/phynix-parse/tests/stmt/decl.rs
expression: script
---
items:
  - Function:
      name: {}
      params:
        - name: {}
          type_annotation: ~
          flags: 0
          default: ~
        - name: {}
          type_annotation: ~
          flags: 0
          default:
            IntLiteral:
              value: 1
      return_type: ~
      body:
        items: []
