---
source: crates/phynix-parse/tests/stmt/class_decl.rs
expression: script
---
items:
  - Class:
      flags: 0
      name:
        Qualified:
          absolute: false
          parts:
            - {}
      extends: ~
      implements: []
      body:
        - Property:
            name: {}
            flags: 1
            set_visibility: Private
            type_annotation: ~
            default:
              StringLiteral:
                style: SingleQuoted
            hooks: ~
      attributes: []
