---
source: crates/phynix-parse/tests/stmt/error_recovery.rs
expression: "(script, diags)"
---
- items:
    - Block:
        items:
          - Echo:
              exprs:
                - IntLiteral:
                    value: 1
- - code:
      Parse:
        ExpectedToken:
          expected:
            - Semicolon
    message: "expected ';'"
    severity: Error
    span:
      start: 14
      end: 14
    labels: []
    notes: []
    help: ~
    fixes: []
