---
source: crates/phynix-parse/tests/stmt/decl.rs
expression: script
---
items:
  - Class:
      flags: 0
      name:
        Qualified:
          absolute: false
          parts:
            - {}
      extends:
        absolute: false
        parts:
          - {}
      implements:
        - absolute: false
          parts:
            - {}
        - absolute: false
          parts:
            - {}
      body: []
      attributes: []
