---
source: crates/phynix-parse/tests/expr/literal.rs
expression: script
---
items:
  - ExprStmt:
      expr:
        ArrayLiteral:
          items:
            - key: ~
              value:
                Error: {}
              unpack: false
            - key: ~
              value:
                VarRef:
                  name: {}
              unpack: false
            - key: ~
              value:
                Error: {}
              unpack: false
