---
source: crates/phynix-parse/tests/expr/precedence.rs
expression: script
---
items:
  - ExprStmt:
      expr:
        Assign:
          target:
            VarRef:
              name: {}
          value:
            Ternary:
              condition:
                VarRef:
                  name: {}
              then_expr:
                VarRef:
                  name: {}
              else_expr:
                VarRef:
                  name: {}
